
Hexadecimal

Area                               Addr   Size   Decimal Bytes (Attributes)
--------------------------------   ----   ----   ------- ----- ------------
.  .ABS.                           0000   0000 =      0. bytes (ABS,OVR)

      Value  Global
   --------  --------------------------------
     0000    _putchar
     0000    l_GSINIT
     0000    l_GSINIT1
     0000    l_GSINIT5
     0000    l_HOME
     0000    l_ISEG
     0000    l_PSEG
     0000    l_REG_BANK_1
     0000    l_REG_BANK_2
     0000    l_REG_BANK_3
     0000    l_RSEG
     0000    l_XINIT
     0000    l_XISEG
     0000    l_XSEG
     0000    l__CODE
     0000    s_BSEG
     0000    s_CSEG
     0000    s_DSEG
     0000    s_PSEG
     0000    s_REG_BANK_0
     0000    s_XISEG
     0000    s_XSEG
     0000    s__CODE
     0002    l_BSEG_BYTES
     0002    l_OSEG
     0003    l_GSFINAL
     0003    l_GSINIT0
     0008    l_REG_BANK_0
     0008    s_REG_BANK_1
     000A    l_BSEG
     000A    l_GSINIT2
     000A    s_OSEG
     0010    s_REG_BANK_2
     0018    s_REG_BANK_3
     0020    s_BSEG_BYTES
     0022    l_GSINIT3
     002A    l_GSINIT4
     0041    s_SSEG
     006C    l_DSEG
     0080    s_ISEG
     00A0    __XPAGE
     00BF    l_SSEG
     0100    l_IRAM
     0100    s_RSEG
     0928    l_CSEG
     0928    s_GSINIT0
     092B    s_GSINIT1
     092B    s_GSINIT2
     0935    s_GSINIT3
     0957    s_GSINIT4
     0981    s_GSFINAL
     0981    s_GSINIT
     0981    s_GSINIT5
     0984    s_HOME
     0984    s_XINIT

Hexadecimal

Area                               Addr   Size   Decimal Bytes (Attributes)
--------------------------------   ----   ----   ------- ----- ------------
_CODE                              0000   0000 =      0. bytes (REL,CON)

Hexadecimal

Area                               Addr   Size   Decimal Bytes (Attributes)
--------------------------------   ----   ----   ------- ----- ------------
REG_BANK_0                         0000   0008 =      8. bytes (REL,OVR)

Hexadecimal

Area                               Addr   Size   Decimal Bytes (Attributes)
--------------------------------   ----   ----   ------- ----- ------------
REG_BANK_1                         0008   0000 =      0. bytes (REL,OVR)

Hexadecimal

Area                               Addr   Size   Decimal Bytes (Attributes)
--------------------------------   ----   ----   ------- ----- ------------
REG_BANK_2                         0010   0000 =      0. bytes (REL,OVR)

Hexadecimal

Area                               Addr   Size   Decimal Bytes (Attributes)
--------------------------------   ----   ----   ------- ----- ------------
REG_BANK_3                         0018   0000 =      0. bytes (REL,OVR)

Hexadecimal

Area                               Addr   Size   Decimal Bits  (Attributes)
--------------------------------   ----   ----   ------- ----- ------------
BSEG                               0000   000A =     10. bits  (REL,CON,BIT)

      Value  Global
   --------  --------------------------------
  0B:0001    __print_format_left_justify_1_1
  0B:0002    __print_format_zero_padding_1_1
  0B:0003    __print_format_prefix_sign_1_1
  0B:0004    __print_format_prefix_space_1_1
  0B:0005    __print_format_signed_argument_1_1
  0B:0006    __print_format_char_argument_1_1
  0B:0007    __print_format_long_argument_1_1
  0B:0008    __print_format_float_argument_1_1
  0B:0009    __print_format_lsd_1_1

Hexadecimal

Area                               Addr   Size   Decimal Bytes (Attributes)
--------------------------------   ----   ----   ------- ----- ------------
BSEG_BYTES                         0020   0002 =      2. bytes (REL,CON)

Hexadecimal

Area                               Addr   Size   Decimal Bytes (Attributes)
--------------------------------   ----   ----   ------- ----- ------------
DSEG                               0000   006C =    108. bytes (REL,CON)

      Value  Global
   --------  --------------------------------
     0008    _vprintf_PARM_2
     0009    _bp
     002C    __print_format_PARM_2
     002F    __print_format_PARM_3
     0032    __print_format_PARM_4
     0033    __print_format_radix_1_1
     0034    __print_format_width_1_1
     0035    __print_format_store_4_20
     003B    __print_format_pstore_4_20
     003C    __print_format_sloc2_1_0
     003F    __print_format_sloc3_1_0

Hexadecimal

Area                               Addr   Size   Decimal Bytes (Attributes)
--------------------------------   ----   ----   ------- ----- ------------
OSEG                               000A   0002 =      2. bytes (REL,OVR)

      Value  Global
   --------  --------------------------------
     000A    _calculate_digit_radix_1_1
     000B    _calculate_digit_i_1_1

Hexadecimal

Area                               Addr   Size   Decimal Bytes (Attributes)
--------------------------------   ----   ----   ------- ----- ------------
ISEG                               0080   0000 =      0. bytes (REL,CON)

Hexadecimal

Area                               Addr   Size   Decimal Bytes (Attributes)
--------------------------------   ----   ----   ------- ----- ------------
SSEG                               0041   00BF =    191. bytes (REL,OVR)

      Value  Global
   --------  --------------------------------
     0041    __start__stack

Hexadecimal

Area                               Addr   Size   Decimal Bytes (Attributes)
--------------------------------   ----   ----   ------- ----- ------------
RSEG                               0100   0000 =      0. bytes (REL,CON)

Hexadecimal

Area                               Addr   Size   Decimal Bytes (Attributes)
--------------------------------   ----   ----   ------- ----- ------------
PSEG                               0000   0000 =      0. bytes (REL,CON,PAG,XDATA)

Hexadecimal

Area                               Addr   Size   Decimal Bytes (Attributes)
--------------------------------   ----   ----   ------- ----- ------------
XSEG                               0000   0000 =      0. bytes (REL,CON,XDATA)

Hexadecimal

Area                               Addr   Size   Decimal Bytes (Attributes)
--------------------------------   ----   ----   ------- ----- ------------
XISEG                              0000   0000 =      0. bytes (REL,CON,XDATA)

Hexadecimal

Area                               Addr   Size   Decimal Bytes (Attributes)
--------------------------------   ----   ----   ------- ----- ------------
CSEG                               0000   0928 =   2344. bytes (REL,CON,CODE)

      Value  Global
   --------  --------------------------------
  0C:0003    __sdcc_program_startup
  0C:0008    _main
  0C:0033    _vprintf
  0C:004C    _printf
  0C:0122    __print_format
  0C:08AC    _strlen
  0C:08D4    __gptrget
  0C:08FC    _isdigit
  0C:0910    __sdcc_external_startup
  0C:0914    _islower

Hexadecimal

Area                               Addr   Size   Decimal Bytes (Attributes)
--------------------------------   ----   ----   ------- ----- ------------
GSINIT0                            0928   0003 =      3. bytes (REL,CON,CODE)

      Value  Global
   --------  --------------------------------
  0C:0928    __sdcc_gsinit_startup

Hexadecimal

Area                               Addr   Size   Decimal Bytes (Attributes)
--------------------------------   ----   ----   ------- ----- ------------
GSINIT1                            092B   0000 =      0. bytes (REL,CON,CODE)

Hexadecimal

Area                               Addr   Size   Decimal Bytes (Attributes)
--------------------------------   ----   ----   ------- ----- ------------
GSINIT2                            092B   000A =     10. bytes (REL,CON,CODE)

Hexadecimal

Area                               Addr   Size   Decimal Bytes (Attributes)
--------------------------------   ----   ----   ------- ----- ------------
GSINIT3                            0935   0022 =     34. bytes (REL,CON,CODE)

      Value  Global
   --------  --------------------------------
  0C:0935    __mcs51_genXINIT

Hexadecimal

Area                               Addr   Size   Decimal Bytes (Attributes)
--------------------------------   ----   ----   ------- ----- ------------
GSINIT4                            0957   002A =     42. bytes (REL,CON,CODE)

      Value  Global
   --------  --------------------------------
  0C:0957    __mcs51_genRAMCLEAR
  0C:095D    __mcs51_genXRAMCLEAR

Hexadecimal

Area                               Addr   Size   Decimal Bytes (Attributes)
--------------------------------   ----   ----   ------- ----- ------------
GSINIT5                            0981   0000 =      0. bytes (REL,CON,CODE)

Hexadecimal

Area                               Addr   Size   Decimal Bytes (Attributes)
--------------------------------   ----   ----   ------- ----- ------------
GSINIT                             0981   0000 =      0. bytes (REL,CON,CODE)

Hexadecimal

Area                               Addr   Size   Decimal Bytes (Attributes)
--------------------------------   ----   ----   ------- ----- ------------
GSFINAL                            0981   0003 =      3. bytes (REL,CON,CODE)

Hexadecimal

Area                               Addr   Size   Decimal Bytes (Attributes)
--------------------------------   ----   ----   ------- ----- ------------
HOME                               0984   0000 =      0. bytes (REL,CON,CODE)

Hexadecimal

Area                               Addr   Size   Decimal Bytes (Attributes)
--------------------------------   ----   ----   ------- ----- ------------
XINIT                              0984   0000 =      0. bytes (REL,CON,CODE)
ASxxxx Linker V01.70 + NoICE + SDCC Feb 1999,  page 1.

Files Linked      [ module(s) ]

hello.rel       

Libraries Linked            [   object  file   ]

c:\sdcc\bin\..\lib\small/mcs51.lib    [     crtclear.rel ]
c:\sdcc\bin\..\lib\small/mcs51.lib    [     crtxinit.rel ]
c:\sdcc\bin\..\lib\small/mcs51.lib    [    crtxclear.rel ]
c:\sdcc\bin\..\lib\small/libsdcc.lib    [          vprintf ]
c:\sdcc\bin\..\lib\small/libsdcc.lib    [     printf_large ]
c:\sdcc\bin\..\lib\small/mcs51.lib    [   crtpagesfr.rel ]
c:\sdcc\bin\..\lib\small/libsdcc.lib    [          _strlen ]
c:\sdcc\bin\..\lib\small/mcs51.lib    [     crtstart.rel ]
c:\sdcc\bin\..\lib\small/libsdcc.lib    [         _gptrget ]
c:\sdcc\bin\..\lib\small/libsdcc.lib    [         _isdigit ]
c:\sdcc\bin\..\lib\small/libsdcc.lib    [         _startup ]
c:\sdcc\bin\..\lib\small/libsdcc.lib    [         _islower ]
c:\sdcc\bin\..\lib\small/libsdcc.lib    [              _bp ]

ASxxxx Linker V01.70 + NoICE + SDCC Feb 1999,  page 2.

User Base Address Definitions

CSEG = 0x0000
ISEG = 0x0080
BSEG = 0x0000


?ASlink-Warning-Undefined Global '_putchar' referenced by module 'vprintf'
